2025-01-13 10:00:00 INFO Server started successfully
2025-01-13 10:00:01 INFO Loading configuration from config.yaml
2025-01-13 10:00:02 INFO Database connection established
2025-01-13 10:00:03 INFO Cache initialized with 1000 entries
2025-01-13 10:00:04 INFO API server listening on port 8080
2025-01-13 10:00:05 DEBUG Registered route: GET /api/users
2025-01-13 10:00:06 DEBUG Registered route: POST /api/users
2025-01-13 10:00:07 DEBUG Registered route: GET /api/products
2025-01-13 10:00:08 INFO Authentication middleware enabled
2025-01-13 10:00:09 INFO Rate limiting enabled: 100 req/min
2025-01-13 10:00:10 INFO Background job scheduler started
2025-01-13 10:00:11 DEBUG Scheduled job: cleanup_temp_files (every 1h)
2025-01-13 10:00:12 DEBUG Scheduled job: send_daily_reports (daily at 9am)
2025-01-13 10:00:13 INFO WebSocket server initialized
2025-01-13 10:00:14 INFO All systems operational2025-12-10 12:49:52 New Log Created: counter=02025-12-10 13:54:06 New Log Created: counter=0
2025-12-10 13:54:07 New Log Created: counter=1
2025-12-10 13:54:08 New Log Created: counter=2
2025-12-10 13:54:09 New Log Created: counter=3
2025-12-10 13:54:10 New Log Created: counter=4
2025-12-10 13:54:11 New Log Created: counter=5
2025-12-10 13:54:12 New Log Created: counter=6
2025-12-10 13:54:13 New Log Created: counter=7
2025-12-10 13:54:14 New Log Created: counter=8
2025-12-10 13:54:15 New Log Created: counter=9
2025-12-10 13:54:16 New Log Created: counter=10
2025-12-10 13:54:17 New Log Created: counter=11
2025-12-10 13:54:18 New Log Created: counter=122025-12-10 14:26:25 New Log Created: counter=0
2025-12-10 14:26:26 New Log Created: counter=1
2025-12-10 14:26:27 New Log Created: counter=2
2025-12-10 14:26:28 New Log Created: counter=3
2025-12-10 14:26:29 New Log Created: counter=4
2025-12-10 14:26:30 New Log Created: counter=5
2025-12-10 14:26:31 New Log Created: counter=6
2025-12-10 14:26:32 New Log Created: counter=72025-12-10 14:28:42 New Log Created: counter=0
2025-12-10 14:28:43 New Log Created: counter=1